(INFO    ) [11:18:58|authorization] TOSCA Software Suite.authorization - version 3DEXPERIENCE R2024x / 3DEXPERIENCE R2024x - build R426 - 20240321T180046Z 64 bit
(INFO    ) [11:18:58|authorization] Setting up license management system
(INFO    ) [11:18:58|authorization] Commandline for started application: C:\SIMULIA\EstProducts\2024\win_b64\tools\SMApy\python3.10\python.exe "-E" "-u" "C:\SIMULIA\EstProducts\2024\win_b64\code\python3.10\lib\SMATsoPyControlMain.pyc" "optimize" "-j" "TopOpt" "-p" "TopOpt" "-s" "abaqus"
(INFO    ) [11:18:58|authorization] Waiting for batch process to finish
(INFO    ) [11:18:59|authorization] Using DS FlexNet licensing with license file 1973@lic-abaqus-teaching.ethz.ch
(INFO    ) [11:18:59|authorization] Successfully initialized FlexNet client library
(INFO    ) [11:18:59|authorization] # Listing available licenses...
(INFO    ) [11:18:59|authorization] +----------------------------------------------------------------------------------------------------------+
(INFO    ) [11:18:59|authorization] |Features                                                                                                  |
(INFO    ) [11:18:59|authorization] +----------------------------------------------------------------------------------------------------------+
(INFO    ) [11:18:59|authorization] abaqus_teaching
(INFO    ) [11:18:59|authorization] abaqus_extended_teaching
(INFO    ) [11:18:59|authorization] cse_teaching
(INFO    ) [11:18:59|authorization] euler_lagrange_teaching
(INFO    ) [11:18:59|authorization] parallel_teaching
(INFO    ) [11:18:59|authorization] catiav5_assoc_import_teaching
(INFO    ) [11:18:59|authorization] catiav5_import_teaching
(INFO    ) [11:18:59|authorization] catiav6_assoc_import_teaching
(INFO    ) [11:18:59|authorization] sw_assoc_import_teaching
(INFO    ) [11:18:59|authorization] tomee
(INFO    ) [11:18:59|authorization] pydriver_teaching
(INFO    ) [11:18:59|authorization] cae_teaching
(INFO    ) [11:18:59|authorization] safe_ex_gui
(INFO    ) [11:18:59|authorization] gateway
(INFO    ) [11:18:59|authorization] rtgateway
(INFO    ) [11:18:59|authorization] cfd_teaching
(INFO    ) [11:18:59|authorization] explicit_teaching
(INFO    ) [11:18:59|authorization] standard_teaching
(INFO    ) [11:18:59|authorization] cse_token_teaching
(INFO    ) [11:18:59|authorization] simflow
(INFO    ) [11:18:59|authorization] safe_ex_engine
(INFO    ) [11:18:59|authorization] tosca_topo
(INFO    ) [11:18:59|authorization] tosca_shape
(INFO    ) [11:18:59|authorization] tosca_bead
(INFO    ) [11:18:59|authorization] tosca_sizing
(INFO    ) [11:18:59|authorization] tosca_int_abaqus
(INFO    ) [11:18:59|authorization] tosca_int_ansys
(INFO    ) [11:18:59|authorization] tosca_int_nastran
(INFO    ) [11:18:59|authorization] tosca_adv_nonlinear
(INFO    ) [11:18:59|authorization] tosca_adv_durability
(INFO    ) [11:18:59|authorization] tosca_adv_morph
(INFO    ) [11:18:59|authorization] tosca_smooth
(INFO    ) [11:18:59|authorization] tosca_report
(INFO    ) [11:18:59|authorization] tfluid_topo
(INFO    ) [11:18:59|authorization] tfluid_smooth
(INFO    ) [11:18:59|authorization] tfluid_parallel
(INFO    ) [11:18:59|authorization] tfluid_int_ccmp
(INFO    ) [11:18:59|authorization] tfluid_int_fluent
(INFO    ) [11:18:59|authorization] +----------------------------------------------------------------------------------------------------------+
(INFO    ) [11:18:59|authorization] Requesting 8 tokens tosca_topo
(INFO    ) [11:19:00|authorization] Requesting 3 tokens tosca_adv_nonlinear
(INFO    ) [11:21:16|authorization] Requesting 2 tokens tosca_report
(INFO    ) [11:21:16|authorization] Execution of batch process has finished
(INFO    ) [11:21:16|authorization] Socket listener successfully stopped
