1
0
1
ASSEMBLY
1
AIRFOIL-1
AIRFOIL
1
AIRFOIL-1
14
-2147483646
0
48 1 16 5 0 1 0 -1 -1 1673 1 -1879048189 1 1673 
14
48 1 16 5 0 1 0 -1 -1 1673 1 -1879048189 1 1673 
0
1
AIRFOIL-1
14
-2147483646
0
48 1 16 5 0 1 0 -1 -1 1498 1 -1879048189 1 1498 
14
48 1 16 5 0 1 0 -1 -1 1498 1 -1879048189 1 1498 
0
283
TOPOPTSET
0
1
0
1
AIRFOIL-1
14
-2147483647
48 1 16 5 0 1 0 -1 -1 1498 1 -1879048189 1 1498 
0
_PICKEDSET7
0
2
0
1
AIRFOIL-1
12
74 75 105 133 143 144 145 162 163 698 700 838 
0
_PICKEDSET8
0
2
0
1
AIRFOIL-1
12
43 44 83 85 89 99 100 544 634 650 834 835 
0
_SURF-SEGMENT-0_S4
0
2
0
1
AIRFOIL-1
1
164 
0
_SURF-SEGMENT-100_S4
0
2
0
1
AIRFOIL-1
1
481 
0
_SURF-SEGMENT-101_S2
0
2
0
1
AIRFOIL-1
2
477 478 
0
_SURF-SEGMENT-102_S2
0
2
0
1
AIRFOIL-1
2
471 472 
0
_SURF-SEGMENT-103_S2
0
2
0
1
AIRFOIL-1
2
466 467 
0
_SURF-SEGMENT-104_S2
0
2
0
1
AIRFOIL-1
2
460 461 
0
_SURF-SEGMENT-105_S2
0
2
0
1
AIRFOIL-1
1
448 
0
_SURF-SEGMENT-105_S4
0
2
0
1
AIRFOIL-1
1
775 
0
_SURF-SEGMENT-106_S2
0
2
0
1
AIRFOIL-1
2
450 451 
0
_SURF-SEGMENT-107_S2
0
2
0
1
AIRFOIL-1
1
440 
0
_SURF-SEGMENT-107_S4
0
2
0
1
AIRFOIL-1
1
439 
0
_SURF-SEGMENT-108_S2
0
2
0
1
AIRFOIL-1
1
431 
0
_SURF-SEGMENT-108_S4
0
2
0
1
AIRFOIL-1
1
776 
0
_SURF-SEGMENT-109_S2
0
2
0
1
AIRFOIL-1
1
425 
0
_SURF-SEGMENT-109_S4
0
2
0
1
AIRFOIL-1
1
777 
0
_SURF-SEGMENT-10_S4
0
2
0
1
AIRFOIL-1
2
170 574 
0
_SURF-SEGMENT-110_S2
0
2
0
1
AIRFOIL-1
1
119 
0
_SURF-SEGMENT-110_S4
0
2
0
1
AIRFOIL-1
1
778 
0
_SURF-SEGMENT-111_S2
0
2
0
1
AIRFOIL-1
2
121 122 
0
_SURF-SEGMENT-112_S2
0
2
0
1
AIRFOIL-1
1
486 
0
_SURF-SEGMENT-112_S4
0
2
0
1
AIRFOIL-1
1
779 
0
_SURF-SEGMENT-113_S2
0
2
0
1
AIRFOIL-1
2
492 780 
0
_SURF-SEGMENT-114_S2
0
2
0
1
AIRFOIL-1
2
718 781 
0
_SURF-SEGMENT-115_S2
0
2
0
1
AIRFOIL-1
1
782 
0
_SURF-SEGMENT-115_S4
0
2
0
1
AIRFOIL-1
1
498 
0
_SURF-SEGMENT-116_S3
0
2
0
1
AIRFOIL-1
1
783 
0
_SURF-SEGMENT-116_S4
0
2
0
1
AIRFOIL-1
1
103 
0
_SURF-SEGMENT-117_S2
0
2
0
1
AIRFOIL-1
1
784 
0
_SURF-SEGMENT-117_S4
0
2
0
1
AIRFOIL-1
1
78 
0
_SURF-SEGMENT-118_S2
0
2
0
1
AIRFOIL-1
1
79 
0
_SURF-SEGMENT-118_S4
0
2
0
1
AIRFOIL-1
1
80 
0
_SURF-SEGMENT-119_S4
0
2
0
1
AIRFOIL-1
2
506 507 
0
_SURF-SEGMENT-11_S2
0
2
0
1
AIRFOIL-1
1
1472 
0
_SURF-SEGMENT-11_S4
0
2
0
1
AIRFOIL-1
1
864 
0
_SURF-SEGMENT-120_S4
0
2
0
1
AIRFOIL-1
2
510 511 
0
_SURF-SEGMENT-121_S4
0
2
0
1
AIRFOIL-1
2
514 721 
0
_SURF-SEGMENT-122_S2
0
2
0
1
AIRFOIL-1
1
515 
0
_SURF-SEGMENT-122_S4
0
2
0
1
AIRFOIL-1
1
722 
0
_SURF-SEGMENT-123_S2
0
2
0
1
AIRFOIL-1
1
518 
0
_SURF-SEGMENT-123_S4
0
2
0
1
AIRFOIL-1
1
723 
0
_SURF-SEGMENT-124_S3
0
2
0
1
AIRFOIL-1
2
520 724 
0
_SURF-SEGMENT-125_S3
0
2
0
1
AIRFOIL-1
2
523 725 
0
_SURF-SEGMENT-126_S3
0
2
0
1
AIRFOIL-1
2
526 726 
0
_SURF-SEGMENT-127_S1
0
2
0
1
AIRFOIL-1
1
533 
0
_SURF-SEGMENT-127_S3
0
2
0
1
AIRFOIL-1
1
529 
0
_SURF-SEGMENT-128_S4
0
2
0
1
AIRFOIL-1
2
532 534 
0
_SURF-SEGMENT-129_S4
0
2
0
1
AIRFOIL-1
2
537 785 
0
_SURF-SEGMENT-12_S1
0
2
0
1
AIRFOIL-1
1
733 
0
_SURF-SEGMENT-12_S4
0
2
0
1
AIRFOIL-1
1
172 
0
_SURF-SEGMENT-130_S4
0
2
0
1
AIRFOIL-1
2
539 786 
0
_SURF-SEGMENT-131_S4
0
2
0
1
AIRFOIL-1
2
727 728 
0
_SURF-SEGMENT-132_S2
0
2
0
1
AIRFOIL-1
2
788 922 
0
_SURF-SEGMENT-133_S2
0
2
0
1
AIRFOIL-1
1
789 
0
_SURF-SEGMENT-133_S4
0
2
0
1
AIRFOIL-1
1
40 
0
_SURF-SEGMENT-134_S4
0
2
0
1
AIRFOIL-1
2
39 41 
0
_SURF-SEGMENT-135_S2
0
2
0
1
AIRFOIL-1
1
836 
0
_SURF-SEGMENT-135_S4
0
2
0
1
AIRFOIL-1
1
42 
0
_SURF-SEGMENT-136_S2
0
2
0
1
AIRFOIL-1
2
791 906 
0
_SURF-SEGMENT-137_S2
0
2
0
1
AIRFOIL-1
1
45 
0
_SURF-SEGMENT-137_S3
0
2
0
1
AIRFOIL-1
1
46 
0
_SURF-SEGMENT-138_S2
0
2
0
1
AIRFOIL-1
1
792 
0
_SURF-SEGMENT-138_S4
0
2
0
1
AIRFOIL-1
1
344 
0
_SURF-SEGMENT-139_S2
0
2
0
1
AIRFOIL-1
1
793 
0
_SURF-SEGMENT-139_S4
0
2
0
1
AIRFOIL-1
1
337 
0
_SURF-SEGMENT-13_S1
0
2
0
1
AIRFOIL-1
2
173 734 
0
_SURF-SEGMENT-140_S1
0
2
0
1
AIRFOIL-1
1
794 
0
_SURF-SEGMENT-140_S4
0
2
0
1
AIRFOIL-1
1
331 
0
_SURF-SEGMENT-141_S1
0
2
0
1
AIRFOIL-1
2
326 795 
0
_SURF-SEGMENT-142_S1
0
2
0
1
AIRFOIL-1
2
319 796 
0
_SURF-SEGMENT-143_S1
0
2
0
1
AIRFOIL-1
2
313 797 
0
_SURF-SEGMENT-144_S1
0
2
0
1
AIRFOIL-1
2
307 798 
0
_SURF-SEGMENT-145_S1
0
2
0
1
AIRFOIL-1
2
300 301 
0
_SURF-SEGMENT-146_S1
0
2
0
1
AIRFOIL-1
2
292 293 
0
_SURF-SEGMENT-147_S1
0
2
0
1
AIRFOIL-1
2
280 586 
0
_SURF-SEGMENT-148_S1
0
2
0
1
AIRFOIL-1
1
279 
0
_SURF-SEGMENT-148_S3
0
2
0
1
AIRFOIL-1
1
281 
0
_SURF-SEGMENT-149_S3
0
2
0
1
AIRFOIL-1
2
282 923 
0
_SURF-SEGMENT-14_S1
0
2
0
1
AIRFOIL-1
2
174 735 
0
_SURF-SEGMENT-150_S3
0
2
0
1
AIRFOIL-1
2
545 548 
0
_SURF-SEGMENT-151_S3
0
2
0
1
AIRFOIL-1
2
550 908 
0
_SURF-SEGMENT-152_S3
0
2
0
1
AIRFOIL-1
2
262 263 
0
_SURF-SEGMENT-153_S3
0
2
0
1
AIRFOIL-1
2
588 589 
0
_SURF-SEGMENT-154_S3
0
2
0
1
AIRFOIL-1
2
253 590 
0
_SURF-SEGMENT-155_S1
0
2
0
1
AIRFOIL-1
2
247 248 
0
_SURF-SEGMENT-156_S3
0
2
0
1
AIRFOIL-1
2
242 591 
0
_SURF-SEGMENT-157_S1
0
2
0
1
AIRFOIL-1
1
900 
0
_SURF-SEGMENT-157_S3
0
2
0
1
AIRFOIL-1
1
592 
0
_SURF-SEGMENT-158_S1
0
2
0
1
AIRFOIL-1
1
232 
0
_SURF-SEGMENT-158_S3
0
2
0
1
AIRFOIL-1
1
593 
0
_SURF-SEGMENT-159_S1
0
2
0
1
AIRFOIL-1
1
915 
0
_SURF-SEGMENT-159_S3
0
2
0
1
AIRFOIL-1
1
594 
0
_SURF-SEGMENT-15_S1
0
2
0
1
AIRFOIL-1
2
175 736 
0
_SURF-SEGMENT-160_S1
0
2
0
1
AIRFOIL-1
1
800 
0
_SURF-SEGMENT-160_S3
0
2
0
1
AIRFOIL-1
1
220 
0
_SURF-SEGMENT-161_S1
0
2
0
1
AIRFOIL-1
1
945 
0
_SURF-SEGMENT-161_S3
0
2
0
1
AIRFOIL-1
1
596 
0
_SURF-SEGMENT-162_S3
0
2
0
1
AIRFOIL-1
2
801 933 
0
_SURF-SEGMENT-163_S3
0
2
0
1
AIRFOIL-1
2
553 802 
0
_SURF-SEGMENT-164_S1
0
2
0
1
AIRFOIL-1
1
210 
0
_SURF-SEGMENT-164_S3
0
2
0
1
AIRFOIL-1
1
803 
0
_SURF-SEGMENT-165_S1
0
2
0
1
AIRFOIL-1
1
204 
0
_SURF-SEGMENT-165_S3
0
2
0
1
AIRFOIL-1
1
919 
0
_SURF-SEGMENT-166_S1
0
2
0
1
AIRFOIL-1
1
554 
0
_SURF-SEGMENT-166_S3
0
2
0
1
AIRFOIL-1
1
935 
0
_SURF-SEGMENT-167_S1
0
2
0
1
AIRFOIL-1
1
602 
0
_SURF-SEGMENT-167_S3
0
2
0
1
AIRFOIL-1
1
198 
0
_SURF-SEGMENT-168_S1
0
2
0
1
AIRFOIL-1
2
199 804 
0
_SURF-SEGMENT-169_S1
0
2
0
1
AIRFOIL-1
2
185 805 
0
_SURF-SEGMENT-16_S4
0
2
0
1
AIRFOIL-1
2
176 177 
0
_SURF-SEGMENT-170_S1
0
2
0
1
AIRFOIL-1
2
187 806 
0
_SURF-SEGMENT-171_S1
0
2
0
1
AIRFOIL-1
2
556 807 
0
_SURF-SEGMENT-172_S1
0
2
0
1
AIRFOIL-1
1
892 
0
_SURF-SEGMENT-172_S3
0
2
0
1
AIRFOIL-1
1
560 
0
_SURF-SEGMENT-173_S1
0
2
0
1
AIRFOIL-1
1
886 
0
_SURF-SEGMENT-173_S3
0
2
0
1
AIRFOIL-1
1
562 
0
_SURF-SEGMENT-174_S1
0
2
0
1
AIRFOIL-1
1
880 
0
_SURF-SEGMENT-174_S3
0
2
0
1
AIRFOIL-1
1
564 
0
_SURF-SEGMENT-175_S2
0
2
0
1
AIRFOIL-1
1
566 
0
_SURF-SEGMENT-175_S4
0
2
0
1
AIRFOIL-1
1
877 
0
_SURF-SEGMENT-176_S2
0
2
0
1
AIRFOIL-1
1
569 
0
_SURF-SEGMENT-176_S4
0
2
0
1
AIRFOIL-1
1
870 
0
_SURF-SEGMENT-177_S2
0
2
0
1
AIRFOIL-1
1
571 
0
_SURF-SEGMENT-177_S4
0
2
0
1
AIRFOIL-1
1
869 
0
_SURF-SEGMENT-178_S1
0
2
0
1
AIRFOIL-1
1
808 
0
_SURF-SEGMENT-178_S4
0
2
0
1
AIRFOIL-1
1
573 
0
_SURF-SEGMENT-179_S3
0
2
0
1
AIRFOIL-1
2
10 809 
0
_SURF-SEGMENT-17_S2
0
2
0
1
AIRFOIL-1
1
934 
0
_SURF-SEGMENT-17_S4
0
2
0
1
AIRFOIL-1
1
737 
0
_SURF-SEGMENT-180_S3
0
2
0
1
AIRFOIL-1
2
575 810 
0
_SURF-SEGMENT-181_S1
0
2
0
1
AIRFOIL-1
1
195 
0
_SURF-SEGMENT-181_S3
0
2
0
1
AIRFOIL-1
1
875 
0
_SURF-SEGMENT-182_S4
0
2
0
1
AIRFOIL-1
2
194 730 
0
_SURF-SEGMENT-183_S1
0
2
0
1
AIRFOIL-1
1
193 
0
_SURF-SEGMENT-183_S3
0
2
0
1
AIRFOIL-1
1
626 
0
_SURF-SEGMENT-184_S1
0
2
0
1
AIRFOIL-1
1
192 
0
_SURF-SEGMENT-184_S3
0
2
0
1
AIRFOIL-1
1
627 
0
_SURF-SEGMENT-185_S3
0
2
0
1
AIRFOIL-1
2
190 191 
0
_SURF-SEGMENT-186_S1
0
2
0
1
AIRFOIL-1
1
189 
0
_SURF-SEGMENT-186_S3
0
2
0
1
AIRFOIL-1
1
168 
0
_SURF-SEGMENT-187_S1
0
2
0
1
AIRFOIL-1
1
167 
0
_SURF-SEGMENT-187_S3
0
2
0
1
AIRFOIL-1
1
166 
0
_SURF-SEGMENT-188_S1
0
2
0
1
AIRFOIL-1
1
165 
0
_SURF-SEGMENT-188_S2
0
2
0
1
AIRFOIL-1
1
13 
0
_SURF-SEGMENT-189_S1
0
2
0
1
AIRFOIL-1
1
165 
0
_SURF-SEGMENT-189_S2
0
2
0
1
AIRFOIL-1
1
13 
0
_SURF-SEGMENT-18_S2
0
2
0
1
AIRFOIL-1
1
956 
0
_SURF-SEGMENT-18_S3
0
2
0
1
AIRFOIL-1
1
738 
0
_SURF-SEGMENT-190_S3
0
2
0
1
AIRFOIL-1
1
13 
0
_SURF-SEGMENT-191_S4
0
2
0
1
AIRFOIL-1
1
164 
0
_SURF-SEGMENT-19_S2
0
2
0
1
AIRFOIL-1
1
967 
0
_SURF-SEGMENT-19_S3
0
2
0
1
AIRFOIL-1
1
957 
0
_SURF-SEGMENT-1_S1
0
2
0
1
AIRFOIL-1
1
164 
0
_SURF-SEGMENT-1_S3
0
2
0
1
AIRFOIL-1
1
165 
0
_SURF-SEGMENT-20_S2
0
2
0
1
AIRFOIL-1
2
968 972 
0
_SURF-SEGMENT-21_S2
0
2
0
1
AIRFOIL-1
1
973 
0
_SURF-SEGMENT-21_S4
0
2
0
1
AIRFOIL-1
1
196 
0
_SURF-SEGMENT-22_S4
0
2
0
1
AIRFOIL-1
2
603 740 
0
_SURF-SEGMENT-23_S2
0
2
0
1
AIRFOIL-1
2
200 741 
0
_SURF-SEGMENT-24_S2
0
2
0
1
AIRFOIL-1
2
216 742 
0
_SURF-SEGMENT-25_S2
0
2
0
1
AIRFOIL-1
2
215 743 
0
_SURF-SEGMENT-26_S2
0
2
0
1
AIRFOIL-1
1
744 
0
_SURF-SEGMENT-26_S4
0
2
0
1
AIRFOIL-1
1
214 
0
_SURF-SEGMENT-27_S2
0
2
0
1
AIRFOIL-1
1
745 
0
_SURF-SEGMENT-27_S4
0
2
0
1
AIRFOIL-1
1
213 
0
_SURF-SEGMENT-28_S2
0
2
0
1
AIRFOIL-1
1
746 
0
_SURF-SEGMENT-28_S4
0
2
0
1
AIRFOIL-1
1
223 
0
_SURF-SEGMENT-29_S2
0
2
0
1
AIRFOIL-1
1
206 
0
_SURF-SEGMENT-29_S4
0
2
0
1
AIRFOIL-1
1
217 
0
_SURF-SEGMENT-2_S1
0
2
0
1
AIRFOIL-1
1
164 
0
_SURF-SEGMENT-2_S3
0
2
0
1
AIRFOIL-1
1
165 
0
_SURF-SEGMENT-30_S2
0
2
0
1
AIRFOIL-1
1
218 
0
_SURF-SEGMENT-30_S4
0
2
0
1
AIRFOIL-1
1
747 
0
_SURF-SEGMENT-31_S2
0
2
0
1
AIRFOIL-1
1
981 
0
_SURF-SEGMENT-31_S4
0
2
0
1
AIRFOIL-1
1
748 
0
_SURF-SEGMENT-32_S3
0
2
0
1
AIRFOIL-1
1
233 
0
_SURF-SEGMENT-32_S4
0
2
0
1
AIRFOIL-1
1
749 
0
_SURF-SEGMENT-33_S2
0
2
0
1
AIRFOIL-1
2
237 238 
0
_SURF-SEGMENT-34_S2
0
2
0
1
AIRFOIL-1
2
243 244 
0
_SURF-SEGMENT-35_S2
0
2
0
1
AIRFOIL-1
2
249 250 
0
_SURF-SEGMENT-36_S2
0
2
0
1
AIRFOIL-1
2
254 255 
0
_SURF-SEGMENT-37_S3
0
2
0
1
AIRFOIL-1
1
259 
0
_SURF-SEGMENT-37_S4
0
2
0
1
AIRFOIL-1
1
750 
0
_SURF-SEGMENT-38_S2
0
2
0
1
AIRFOIL-1
2
640 751 
0
_SURF-SEGMENT-39_S2
0
2
0
1
AIRFOIL-1
1
752 
0
_SURF-SEGMENT-39_S4
0
2
0
1
AIRFOIL-1
1
272 
0
_SURF-SEGMENT-3_S1
0
2
0
1
AIRFOIL-1
1
166 
0
_SURF-SEGMENT-3_S3
0
2
0
1
AIRFOIL-1
1
167 
0
_SURF-SEGMENT-40_S2
0
2
0
1
AIRFOIL-1
1
753 
0
_SURF-SEGMENT-40_S4
0
2
0
1
AIRFOIL-1
1
274 
0
_SURF-SEGMENT-41_S2
0
2
0
1
AIRFOIL-1
1
960 
0
_SURF-SEGMENT-41_S4
0
2
0
1
AIRFOIL-1
1
265 
0
_SURF-SEGMENT-42_S4
0
2
0
1
AIRFOIL-1
2
276 287 
0
_SURF-SEGMENT-43_S4
0
2
0
1
AIRFOIL-1
2
288 294 
0
_SURF-SEGMENT-44_S2
0
2
0
1
AIRFOIL-1
1
954 
0
_SURF-SEGMENT-44_S4
0
2
0
1
AIRFOIL-1
1
302 
0
_SURF-SEGMENT-45_S4
0
2
0
1
AIRFOIL-1
2
308 754 
0
_SURF-SEGMENT-46_S2
0
2
0
1
AIRFOIL-1
1
314 
0
_SURF-SEGMENT-46_S4
0
2
0
1
AIRFOIL-1
1
315 
0
_SURF-SEGMENT-47_S2
0
2
0
1
AIRFOIL-1
1
320 
0
_SURF-SEGMENT-47_S4
0
2
0
1
AIRFOIL-1
1
321 
0
_SURF-SEGMENT-48_S2
0
2
0
1
AIRFOIL-1
2
327 755 
0
_SURF-SEGMENT-49_S2
0
2
0
1
AIRFOIL-1
2
332 333 
0
_SURF-SEGMENT-4_S1
0
2
0
1
AIRFOIL-1
1
168 
0
_SURF-SEGMENT-4_S3
0
2
0
1
AIRFOIL-1
1
189 
0
_SURF-SEGMENT-50_S2
0
2
0
1
AIRFOIL-1
2
338 339 
0
_SURF-SEGMENT-51_S2
0
2
0
1
AIRFOIL-1
2
51 52 
0
_SURF-SEGMENT-52_S2
0
2
0
1
AIRFOIL-1
2
53 54 
0
_SURF-SEGMENT-53_S3
0
2
0
1
AIRFOIL-1
1
345 
0
_SURF-SEGMENT-53_S4
0
2
0
1
AIRFOIL-1
1
756 
0
_SURF-SEGMENT-54_S4
0
2
0
1
AIRFOIL-1
2
347 757 
0
_SURF-SEGMENT-55_S2
0
2
0
1
AIRFOIL-1
2
92 758 
0
_SURF-SEGMENT-56_S2
0
2
0
1
AIRFOIL-1
1
759 
0
_SURF-SEGMENT-56_S4
0
2
0
1
AIRFOIL-1
1
93 
0
_SURF-SEGMENT-57_S2
0
2
0
1
AIRFOIL-1
1
760 
0
_SURF-SEGMENT-57_S4
0
2
0
1
AIRFOIL-1
1
348 
0
_SURF-SEGMENT-58_S4
0
2
0
1
AIRFOIL-1
2
354 360 
0
_SURF-SEGMENT-59_S2
0
2
0
1
AIRFOIL-1
1
861 
0
_SURF-SEGMENT-59_S4
0
2
0
1
AIRFOIL-1
1
366 
0
_SURF-SEGMENT-5_S1
0
2
0
1
AIRFOIL-1
2
190 191 
0
_SURF-SEGMENT-60_S2
0
2
0
1
AIRFOIL-1
1
866 
0
_SURF-SEGMENT-60_S4
0
2
0
1
AIRFOIL-1
1
371 
0
_SURF-SEGMENT-61_S2
0
2
0
1
AIRFOIL-1
2
761 874 
0
_SURF-SEGMENT-62_S2
0
2
0
1
AIRFOIL-1
1
762 
0
_SURF-SEGMENT-62_S4
0
2
0
1
AIRFOIL-1
1
377 
0
_SURF-SEGMENT-63_S2
0
2
0
1
AIRFOIL-1
1
763 
0
_SURF-SEGMENT-63_S4
0
2
0
1
AIRFOIL-1
1
382 
0
_SURF-SEGMENT-64_S2
0
2
0
1
AIRFOIL-1
1
764 
0
_SURF-SEGMENT-64_S4
0
2
0
1
AIRFOIL-1
1
388 
0
_SURF-SEGMENT-65_S2
0
2
0
1
AIRFOIL-1
1
765 
0
_SURF-SEGMENT-65_S4
0
2
0
1
AIRFOIL-1
1
393 
0
_SURF-SEGMENT-66_S2
0
2
0
1
AIRFOIL-1
1
766 
0
_SURF-SEGMENT-66_S4
0
2
0
1
AIRFOIL-1
1
398 
0
_SURF-SEGMENT-67_S1
0
2
0
1
AIRFOIL-1
1
404 
0
_SURF-SEGMENT-67_S2
0
2
0
1
AIRFOIL-1
1
767 
0
_SURF-SEGMENT-68_S2
0
2
0
1
AIRFOIL-1
2
408 409 
0
_SURF-SEGMENT-69_S2
0
2
0
1
AIRFOIL-1
2
154 155 
0
_SURF-SEGMENT-6_S1
0
2
0
1
AIRFOIL-1
1
627 
0
_SURF-SEGMENT-6_S3
0
2
0
1
AIRFOIL-1
1
192 
0
_SURF-SEGMENT-70_S2
0
2
0
1
AIRFOIL-1
2
156 157 
0
_SURF-SEGMENT-71_S2
0
2
0
1
AIRFOIL-1
2
413 414 
0
_SURF-SEGMENT-72_S2
0
2
0
1
AIRFOIL-1
1
418 
0
_SURF-SEGMENT-72_S3
0
2
0
1
AIRFOIL-1
1
668 
0
_SURF-SEGMENT-73_S1
0
2
0
1
AIRFOIL-1
1
768 
0
_SURF-SEGMENT-73_S3
0
2
0
1
AIRFOIL-1
1
667 
0
_SURF-SEGMENT-74_S1
0
2
0
1
AIRFOIL-1
1
138 
0
_SURF-SEGMENT-74_S3
0
2
0
1
AIRFOIL-1
1
136 
0
_SURF-SEGMENT-75_S3
0
2
0
1
AIRFOIL-1
2
139 140 
0
_SURF-SEGMENT-76_S3
0
2
0
1
AIRFOIL-1
2
419 420 
0
_SURF-SEGMENT-77_S1
0
2
0
1
AIRFOIL-1
1
109 
0
_SURF-SEGMENT-77_S3
0
2
0
1
AIRFOIL-1
1
132 
0
_SURF-SEGMENT-78_S1
0
2
0
1
AIRFOIL-1
2
110 111 
0
_SURF-SEGMENT-79_S1
0
2
0
1
AIRFOIL-1
1
1090 
0
_SURF-SEGMENT-79_S3
0
2
0
1
AIRFOIL-1
1
1471 
0
_SURF-SEGMENT-7_S1
0
2
0
1
AIRFOIL-1
1
626 
0
_SURF-SEGMENT-7_S3
0
2
0
1
AIRFOIL-1
1
193 
0
_SURF-SEGMENT-80_S1
0
2
0
1
AIRFOIL-1
2
114 769 
0
_SURF-SEGMENT-81_S1
0
2
0
1
AIRFOIL-1
2
421 770 
0
_SURF-SEGMENT-82_S1
0
2
0
1
AIRFOIL-1
1
427 
0
_SURF-SEGMENT-82_S3
0
2
0
1
AIRFOIL-1
1
433 
0
_SURF-SEGMENT-83_S1
0
2
0
1
AIRFOIL-1
1
434 
0
_SURF-SEGMENT-83_S3
0
2
0
1
AIRFOIL-1
1
845 
0
_SURF-SEGMENT-84_S3
0
2
0
1
AIRFOIL-1
2
442 672 
0
_SURF-SEGMENT-85_S1
0
2
0
1
AIRFOIL-1
2
444 771 
0
_SURF-SEGMENT-86_S1
0
2
0
1
AIRFOIL-1
2
456 828 
0
_SURF-SEGMENT-87_S3
0
2
0
1
AIRFOIL-1
2
462 673 
0
_SURF-SEGMENT-88_S3
0
2
0
1
AIRFOIL-1
2
772 773 
0
_SURF-SEGMENT-89_S1
0
2
0
1
AIRFOIL-1
2
473 774 
0
_SURF-SEGMENT-8_S3
0
2
0
1
AIRFOIL-1
1
731 
0
_SURF-SEGMENT-8_S4
0
2
0
1
AIRFOIL-1
1
169 
0
_SURF-SEGMENT-90_S1
0
2
0
1
AIRFOIL-1
2
474 708 
0
_SURF-SEGMENT-91_S3
0
2
0
1
AIRFOIL-1
1
821 
0
_SURF-SEGMENT-92_S3
0
2
0
1
AIRFOIL-1
1
482 
0
_SURF-SEGMENT-93_S3
0
2
0
1
AIRFOIL-1
1
818 
0
_SURF-SEGMENT-94_S2
0
2
0
1
AIRFOIL-1
1
483 
0
_SURF-SEGMENT-95_S3
0
2
0
1
AIRFOIL-1
1
483 
0
_SURF-SEGMENT-96_S3
0
2
0
1
AIRFOIL-1
1
483 
0
_SURF-SEGMENT-97_S4
0
2
0
1
AIRFOIL-1
1
484 
0
_SURF-SEGMENT-98_S2
0
2
0
1
AIRFOIL-1
1
811 
0
_SURF-SEGMENT-99_S2
0
2
0
1
AIRFOIL-1
1
485 
0
_SURF-SEGMENT-9_S4
0
2
0
1
AIRFOIL-1
2
576 732 
0
1
AIRFOIL-1
1
_G2
0
2
14
-2147483647
48 1 16 5 0 1 0 -1 -1 1498 1 -1879048189 1 1498 
0
0
0
3
TOPOPTSET
0
1
0
1
AIRFOIL-1
14
-2147483647
48 1 16 5 0 1 0 -1 -1 1673 1 -1879048189 1 1673 
0
_PICKEDSET7
0
2
0
1
AIRFOIL-1
12
13 14 15 16 17 18 19 20 21 22 23 24 
0
_PICKEDSET8
0
2
0
1
AIRFOIL-1
12
1 2 3 4 5 6 7 8 9 10 11 12 
0
1
AIRFOIL-1
1
_G2
0
2
14
-2147483647
48 1 16 5 0 1 0 -1 -1 1673 1 -1879048189 1 1673 
0
0
0
0
192
SURF-SEGMENT-0
0
0
0
1
AIRFOIL-1
0
0
1
S4
1
164 
SURF-SEGMENT-1
0
0
0
1
AIRFOIL-1
0
0
2
S1
1
164 
S3
1
165 
SURF-SEGMENT-10
0
0
0
1
AIRFOIL-1
0
0
1
S4
2
170 574 
SURF-SEGMENT-100
0
0
0
1
AIRFOIL-1
0
0
1
S4
1
481 
SURF-SEGMENT-101
0
0
0
1
AIRFOIL-1
0
0
1
S2
2
477 478 
SURF-SEGMENT-102
0
0
0
1
AIRFOIL-1
0
0
1
S2
2
471 472 
SURF-SEGMENT-103
0
0
0
1
AIRFOIL-1
0
0
1
S2
2
466 467 
SURF-SEGMENT-104
0
0
0
1
AIRFOIL-1
0
0
1
S2
2
460 461 
SURF-SEGMENT-105
0
0
0
1
AIRFOIL-1
0
0
2
S2
1
448 
S4
1
775 
SURF-SEGMENT-106
0
0
0
1
AIRFOIL-1
0
0
1
S2
2
450 451 
SURF-SEGMENT-107
0
0
0
1
AIRFOIL-1
0
0
2
S4
1
439 
S2
1
440 
SURF-SEGMENT-108
0
0
0
1
AIRFOIL-1
0
0
2
S2
1
431 
S4
1
776 
SURF-SEGMENT-109
0
0
0
1
AIRFOIL-1
0
0
2
S2
1
425 
S4
1
777 
SURF-SEGMENT-11
0
0
0
1
AIRFOIL-1
0
0
2
S4
1
864 
S2
1
1472 
SURF-SEGMENT-110
0
0
0
1
AIRFOIL-1
0
0
2
S2
1
119 
S4
1
778 
SURF-SEGMENT-111
0
0
0
1
AIRFOIL-1
0
0
1
S2
2
121 122 
SURF-SEGMENT-112
0
0
0
1
AIRFOIL-1
0
0
2
S2
1
486 
S4
1
779 
SURF-SEGMENT-113
0
0
0
1
AIRFOIL-1
0
0
1
S2
2
492 780 
SURF-SEGMENT-114
0
0
0
1
AIRFOIL-1
0
0
1
S2
2
718 781 
SURF-SEGMENT-115
0
0
0
1
AIRFOIL-1
0
0
2
S4
1
498 
S2
1
782 
SURF-SEGMENT-116
0
0
0
1
AIRFOIL-1
0
0
2
S4
1
103 
S3
1
783 
SURF-SEGMENT-117
0
0
0
1
AIRFOIL-1
0
0
2
S4
1
78 
S2
1
784 
SURF-SEGMENT-118
0
0
0
1
AIRFOIL-1
0
0
2
S2
1
79 
S4
1
80 
SURF-SEGMENT-119
0
0
0
1
AIRFOIL-1
0
0
1
S4
2
506 507 
SURF-SEGMENT-12
0
0
0
1
AIRFOIL-1
0
0
2
S4
1
172 
S1
1
733 
SURF-SEGMENT-120
0
0
0
1
AIRFOIL-1
0
0
1
S4
2
510 511 
SURF-SEGMENT-121
0
0
0
1
AIRFOIL-1
0
0
1
S4
2
514 721 
SURF-SEGMENT-122
0
0
0
1
AIRFOIL-1
0
0
2
S2
1
515 
S4
1
722 
SURF-SEGMENT-123
0
0
0
1
AIRFOIL-1
0
0
2
S2
1
518 
S4
1
723 
SURF-SEGMENT-124
0
0
0
1
AIRFOIL-1
0
0
1
S3
2
520 724 
SURF-SEGMENT-125
0
0
0
1
AIRFOIL-1
0
0
1
S3
2
523 725 
SURF-SEGMENT-126
0
0
0
1
AIRFOIL-1
0
0
1
S3
2
526 726 
SURF-SEGMENT-127
0
0
0
1
AIRFOIL-1
0
0
2
S3
1
529 
S1
1
533 
SURF-SEGMENT-128
0
0
0
1
AIRFOIL-1
0
0
1
S4
2
532 534 
SURF-SEGMENT-129
0
0
0
1
AIRFOIL-1
0
0
1
S4
2
537 785 
SURF-SEGMENT-13
0
0
0
1
AIRFOIL-1
0
0
1
S1
2
173 734 
SURF-SEGMENT-130
0
0
0
1
AIRFOIL-1
0
0
1
S4
2
539 786 
SURF-SEGMENT-131
0
0
0
1
AIRFOIL-1
0
0
1
S4
2
727 728 
SURF-SEGMENT-132
0
0
0
1
AIRFOIL-1
0
0
1
S2
2
788 922 
SURF-SEGMENT-133
0
0
0
1
AIRFOIL-1
0
0
2
S4
1
40 
S2
1
789 
SURF-SEGMENT-134
0
0
0
1
AIRFOIL-1
0
0
1
S4
2
39 41 
SURF-SEGMENT-135
0
0
0
1
AIRFOIL-1
0
0
2
S4
1
42 
S2
1
836 
SURF-SEGMENT-136
0
0
0
1
AIRFOIL-1
0
0
1
S2
2
791 906 
SURF-SEGMENT-137
0
0
0
1
AIRFOIL-1
0
0
2
S2
1
45 
S3
1
46 
SURF-SEGMENT-138
0
0
0
1
AIRFOIL-1
0
0
2
S4
1
344 
S2
1
792 
SURF-SEGMENT-139
0
0
0
1
AIRFOIL-1
0
0
2
S4
1
337 
S2
1
793 
SURF-SEGMENT-14
0
0
0
1
AIRFOIL-1
0
0
1
S1
2
174 735 
SURF-SEGMENT-140
0
0
0
1
AIRFOIL-1
0
0
2
S4
1
331 
S1
1
794 
SURF-SEGMENT-141
0
0
0
1
AIRFOIL-1
0
0
1
S1
2
326 795 
SURF-SEGMENT-142
0
0
0
1
AIRFOIL-1
0
0
1
S1
2
319 796 
SURF-SEGMENT-143
0
0
0
1
AIRFOIL-1
0
0
1
S1
2
313 797 
SURF-SEGMENT-144
0
0
0
1
AIRFOIL-1
0
0
1
S1
2
307 798 
SURF-SEGMENT-145
0
0
0
1
AIRFOIL-1
0
0
1
S1
2
300 301 
SURF-SEGMENT-146
0
0
0
1
AIRFOIL-1
0
0
1
S1
2
292 293 
SURF-SEGMENT-147
0
0
0
1
AIRFOIL-1
0
0
1
S1
2
280 586 
SURF-SEGMENT-148
0
0
0
1
AIRFOIL-1
0
0
2
S1
1
279 
S3
1
281 
SURF-SEGMENT-149
0
0
0
1
AIRFOIL-1
0
0
1
S3
2
282 923 
SURF-SEGMENT-15
0
0
0
1
AIRFOIL-1
0
0
1
S1
2
175 736 
SURF-SEGMENT-150
0
0
0
1
AIRFOIL-1
0
0
1
S3
2
545 548 
SURF-SEGMENT-151
0
0
0
1
AIRFOIL-1
0
0
1
S3
2
550 908 
SURF-SEGMENT-152
0
0
0
1
AIRFOIL-1
0
0
1
S3
2
262 263 
SURF-SEGMENT-153
0
0
0
1
AIRFOIL-1
0
0
1
S3
2
588 589 
SURF-SEGMENT-154
0
0
0
1
AIRFOIL-1
0
0
1
S3
2
253 590 
SURF-SEGMENT-155
0
0
0
1
AIRFOIL-1
0
0
1
S1
2
247 248 
SURF-SEGMENT-156
0
0
0
1
AIRFOIL-1
0
0
1
S3
2
242 591 
SURF-SEGMENT-157
0
0
0
1
AIRFOIL-1
0
0
2
S3
1
592 
S1
1
900 
SURF-SEGMENT-158
0
0
0
1
AIRFOIL-1
0
0
2
S1
1
232 
S3
1
593 
SURF-SEGMENT-159
0
0
0
1
AIRFOIL-1
0
0
2
S3
1
594 
S1
1
915 
SURF-SEGMENT-16
0
0
0
1
AIRFOIL-1
0
0
1
S4
2
176 177 
SURF-SEGMENT-160
0
0
0
1
AIRFOIL-1
0
0
2
S3
1
220 
S1
1
800 
SURF-SEGMENT-161
0
0
0
1
AIRFOIL-1
0
0
2
S3
1
596 
S1
1
945 
SURF-SEGMENT-162
0
0
0
1
AIRFOIL-1
0
0
1
S3
2
801 933 
SURF-SEGMENT-163
0
0
0
1
AIRFOIL-1
0
0
1
S3
2
553 802 
SURF-SEGMENT-164
0
0
0
1
AIRFOIL-1
0
0
2
S1
1
210 
S3
1
803 
SURF-SEGMENT-165
0
0
0
1
AIRFOIL-1
0
0
2
S1
1
204 
S3
1
919 
SURF-SEGMENT-166
0
0
0
1
AIRFOIL-1
0
0
2
S1
1
554 
S3
1
935 
SURF-SEGMENT-167
0
0
0
1
AIRFOIL-1
0
0
2
S3
1
198 
S1
1
602 
SURF-SEGMENT-168
0
0
0
1
AIRFOIL-1
0
0
1
S1
2
199 804 
SURF-SEGMENT-169
0
0
0
1
AIRFOIL-1
0
0
1
S1
2
185 805 
SURF-SEGMENT-17
0
0
0
1
AIRFOIL-1
0
0
2
S4
1
737 
S2
1
934 
SURF-SEGMENT-170
0
0
0
1
AIRFOIL-1
0
0
1
S1
2
187 806 
SURF-SEGMENT-171
0
0
0
1
AIRFOIL-1
0
0
1
S1
2
556 807 
SURF-SEGMENT-172
0
0
0
1
AIRFOIL-1
0
0
2
S3
1
560 
S1
1
892 
SURF-SEGMENT-173
0
0
0
1
AIRFOIL-1
0
0
2
S3
1
562 
S1
1
886 
SURF-SEGMENT-174
0
0
0
1
AIRFOIL-1
0
0
2
S3
1
564 
S1
1
880 
SURF-SEGMENT-175
0
0
0
1
AIRFOIL-1
0
0
2
S2
1
566 
S4
1
877 
SURF-SEGMENT-176
0
0
0
1
AIRFOIL-1
0
0
2
S2
1
569 
S4
1
870 
SURF-SEGMENT-177
0
0
0
1
AIRFOIL-1
0
0
2
S2
1
571 
S4
1
869 
SURF-SEGMENT-178
0
0
0
1
AIRFOIL-1
0
0
2
S4
1
573 
S1
1
808 
SURF-SEGMENT-179
0
0
0
1
AIRFOIL-1
0
0
1
S3
2
10 809 
SURF-SEGMENT-18
0
0
0
1
AIRFOIL-1
0
0
2
S3
1
738 
S2
1
956 
SURF-SEGMENT-180
0
0
0
1
AIRFOIL-1
0
0
1
S3
2
575 810 
SURF-SEGMENT-181
0
0
0
1
AIRFOIL-1
0
0
2
S1
1
195 
S3
1
875 
SURF-SEGMENT-182
0
0
0
1
AIRFOIL-1
0
0
1
S4
2
194 730 
SURF-SEGMENT-183
0
0
0
1
AIRFOIL-1
0
0
2
S1
1
193 
S3
1
626 
SURF-SEGMENT-184
0
0
0
1
AIRFOIL-1
0
0
2
S1
1
192 
S3
1
627 
SURF-SEGMENT-185
0
0
0
1
AIRFOIL-1
0
0
1
S3
2
190 191 
SURF-SEGMENT-186
0
0
0
1
AIRFOIL-1
0
0
2
S3
1
168 
S1
1
189 
SURF-SEGMENT-187
0
0
0
1
AIRFOIL-1
0
0
2
S3
1
166 
S1
1
167 
SURF-SEGMENT-188
0
0
0
1
AIRFOIL-1
0
0
2
S2
1
13 
S1
1
165 
SURF-SEGMENT-189
0
0
0
1
AIRFOIL-1
0
0
2
S2
1
13 
S1
1
165 
SURF-SEGMENT-19
0
0
0
1
AIRFOIL-1
0
0
2
S3
1
957 
S2
1
967 
SURF-SEGMENT-190
0
0
0
1
AIRFOIL-1
0
0
1
S3
1
13 
SURF-SEGMENT-191
0
0
0
1
AIRFOIL-1
0
0
1
S4
1
164 
SURF-SEGMENT-2
0
0
0
1
AIRFOIL-1
0
0
2
S1
1
164 
S3
1
165 
SURF-SEGMENT-20
0
0
0
1
AIRFOIL-1
0
0
1
S2
2
968 972 
SURF-SEGMENT-21
0
0
0
1
AIRFOIL-1
0
0
2
S4
1
196 
S2
1
973 
SURF-SEGMENT-22
0
0
0
1
AIRFOIL-1
0
0
1
S4
2
603 740 
SURF-SEGMENT-23
0
0
0
1
AIRFOIL-1
0
0
1
S2
2
200 741 
SURF-SEGMENT-24
0
0
0
1
AIRFOIL-1
0
0
1
S2
2
216 742 
SURF-SEGMENT-25
0
0
0
1
AIRFOIL-1
0
0
1
S2
2
215 743 
SURF-SEGMENT-26
0
0
0
1
AIRFOIL-1
0
0
2
S4
1
214 
S2
1
744 
SURF-SEGMENT-27
0
0
0
1
AIRFOIL-1
0
0
2
S4
1
213 
S2
1
745 
SURF-SEGMENT-28
0
0
0
1
AIRFOIL-1
0
0
2
S4
1
223 
S2
1
746 
SURF-SEGMENT-29
0
0
0
1
AIRFOIL-1
0
0
2
S2
1
206 
S4
1
217 
SURF-SEGMENT-3
0
0
0
1
AIRFOIL-1
0
0
2
S1
1
166 
S3
1
167 
SURF-SEGMENT-30
0
0
0
1
AIRFOIL-1
0
0
2
S2
1
218 
S4
1
747 
SURF-SEGMENT-31
0
0
0
1
AIRFOIL-1
0
0
2
S4
1
748 
S2
1
981 
SURF-SEGMENT-32
0
0
0
1
AIRFOIL-1
0
0
2
S3
1
233 
S4
1
749 
SURF-SEGMENT-33
0
0
0
1
AIRFOIL-1
0
0
1
S2
2
237 238 
SURF-SEGMENT-34
0
0
0
1
AIRFOIL-1
0
0
1
S2
2
243 244 
SURF-SEGMENT-35
0
0
0
1
AIRFOIL-1
0
0
1
S2
2
249 250 
SURF-SEGMENT-36
0
0
0
1
AIRFOIL-1
0
0
1
S2
2
254 255 
SURF-SEGMENT-37
0
0
0
1
AIRFOIL-1
0
0
2
S3
1
259 
S4
1
750 
SURF-SEGMENT-38
0
0
0
1
AIRFOIL-1
0
0
1
S2
2
640 751 
SURF-SEGMENT-39
0
0
0
1
AIRFOIL-1
0
0
2
S4
1
272 
S2
1
752 
SURF-SEGMENT-4
0
0
0
1
AIRFOIL-1
0
0
2
S1
1
168 
S3
1
189 
SURF-SEGMENT-40
0
0
0
1
AIRFOIL-1
0
0
2
S4
1
274 
S2
1
753 
SURF-SEGMENT-41
0
0
0
1
AIRFOIL-1
0
0
2
S4
1
265 
S2
1
960 
SURF-SEGMENT-42
0
0
0
1
AIRFOIL-1
0
0
1
S4
2
276 287 
SURF-SEGMENT-43
0
0
0
1
AIRFOIL-1
0
0
1
S4
2
288 294 
SURF-SEGMENT-44
0
0
0
1
AIRFOIL-1
0
0
2
S4
1
302 
S2
1
954 
SURF-SEGMENT-45
0
0
0
1
AIRFOIL-1
0
0
1
S4
2
308 754 
SURF-SEGMENT-46
0
0
0
1
AIRFOIL-1
0
0
2
S2
1
314 
S4
1
315 
SURF-SEGMENT-47
0
0
0
1
AIRFOIL-1
0
0
2
S2
1
320 
S4
1
321 
SURF-SEGMENT-48
0
0
0
1
AIRFOIL-1
0
0
1
S2
2
327 755 
SURF-SEGMENT-49
0
0
0
1
AIRFOIL-1
0
0
1
S2
2
332 333 
SURF-SEGMENT-5
0
0
0
1
AIRFOIL-1
0
0
1
S1
2
190 191 
SURF-SEGMENT-50
0
0
0
1
AIRFOIL-1
0
0
1
S2
2
338 339 
SURF-SEGMENT-51
0
0
0
1
AIRFOIL-1
0
0
1
S2
2
51 52 
SURF-SEGMENT-52
0
0
0
1
AIRFOIL-1
0
0
1
S2
2
53 54 
SURF-SEGMENT-53
0
0
0
1
AIRFOIL-1
0
0
2
S3
1
345 
S4
1
756 
SURF-SEGMENT-54
0
0
0
1
AIRFOIL-1
0
0
1
S4
2
347 757 
SURF-SEGMENT-55
0
0
0
1
AIRFOIL-1
0
0
1
S2
2
92 758 
SURF-SEGMENT-56
0
0
0
1
AIRFOIL-1
0
0
2
S4
1
93 
S2
1
759 
SURF-SEGMENT-57
0
0
0
1
AIRFOIL-1
0
0
2
S4
1
348 
S2
1
760 
SURF-SEGMENT-58
0
0
0
1
AIRFOIL-1
0
0
1
S4
2
354 360 
SURF-SEGMENT-59
0
0
0
1
AIRFOIL-1
0
0
2
S4
1
366 
S2
1
861 
SURF-SEGMENT-6
0
0
0
1
AIRFOIL-1
0
0
2
S3
1
192 
S1
1
627 
SURF-SEGMENT-60
0
0
0
1
AIRFOIL-1
0
0
2
S4
1
371 
S2
1
866 
SURF-SEGMENT-61
0
0
0
1
AIRFOIL-1
0
0
1
S2
2
761 874 
SURF-SEGMENT-62
0
0
0
1
AIRFOIL-1
0
0
2
S4
1
377 
S2
1
762 
SURF-SEGMENT-63
0
0
0
1
AIRFOIL-1
0
0
2
S4
1
382 
S2
1
763 
SURF-SEGMENT-64
0
0
0
1
AIRFOIL-1
0
0
2
S4
1
388 
S2
1
764 
SURF-SEGMENT-65
0
0
0
1
AIRFOIL-1
0
0
2
S4
1
393 
S2
1
765 
SURF-SEGMENT-66
0
0
0
1
AIRFOIL-1
0
0
2
S4
1
398 
S2
1
766 
SURF-SEGMENT-67
0
0
0
1
AIRFOIL-1
0
0
2
S1
1
404 
S2
1
767 
SURF-SEGMENT-68
0
0
0
1
AIRFOIL-1
0
0
1
S2
2
408 409 
SURF-SEGMENT-69
0
0
0
1
AIRFOIL-1
0
0
1
S2
2
154 155 
SURF-SEGMENT-7
0
0
0
1
AIRFOIL-1
0
0
2
S3
1
193 
S1
1
626 
SURF-SEGMENT-70
0
0
0
1
AIRFOIL-1
0
0
1
S2
2
156 157 
SURF-SEGMENT-71
0
0
0
1
AIRFOIL-1
0
0
1
S2
2
413 414 
SURF-SEGMENT-72
0
0
0
1
AIRFOIL-1
0
0
2
S2
1
418 
S3
1
668 
SURF-SEGMENT-73
0
0
0
1
AIRFOIL-1
0
0
2
S3
1
667 
S1
1
768 
SURF-SEGMENT-74
0
0
0
1
AIRFOIL-1
0
0
2
S3
1
136 
S1
1
138 
SURF-SEGMENT-75
0
0
0
1
AIRFOIL-1
0
0
1
S3
2
139 140 
SURF-SEGMENT-76
0
0
0
1
AIRFOIL-1
0
0
1
S3
2
419 420 
SURF-SEGMENT-77
0
0
0
1
AIRFOIL-1
0
0
2
S1
1
109 
S3
1
132 
SURF-SEGMENT-78
0
0
0
1
AIRFOIL-1
0
0
1
S1
2
110 111 
SURF-SEGMENT-79
0
0
0
1
AIRFOIL-1
0
0
2
S1
1
1090 
S3
1
1471 
SURF-SEGMENT-8
0
0
0
1
AIRFOIL-1
0
0
2
S4
1
169 
S3
1
731 
SURF-SEGMENT-80
0
0
0
1
AIRFOIL-1
0
0
1
S1
2
114 769 
SURF-SEGMENT-81
0
0
0
1
AIRFOIL-1
0
0
1
S1
2
421 770 
SURF-SEGMENT-82
0
0
0
1
AIRFOIL-1
0
0
2
S1
1
427 
S3
1
433 
SURF-SEGMENT-83
0
0
0
1
AIRFOIL-1
0
0
2
S1
1
434 
S3
1
845 
SURF-SEGMENT-84
0
0
0
1
AIRFOIL-1
0
0
1
S3
2
442 672 
SURF-SEGMENT-85
0
0
0
1
AIRFOIL-1
0
0
1
S1
2
444 771 
SURF-SEGMENT-86
0
0
0
1
AIRFOIL-1
0
0
1
S1
2
456 828 
SURF-SEGMENT-87
0
0
0
1
AIRFOIL-1
0
0
1
S3
2
462 673 
SURF-SEGMENT-88
0
0
0
1
AIRFOIL-1
0
0
1
S3
2
772 773 
SURF-SEGMENT-89
0
0
0
1
AIRFOIL-1
0
0
1
S1
2
473 774 
SURF-SEGMENT-9
0
0
0
1
AIRFOIL-1
0
0
1
S4
2
576 732 
SURF-SEGMENT-90
0
0
0
1
AIRFOIL-1
0
0
1
S1
2
474 708 
SURF-SEGMENT-91
0
0
0
1
AIRFOIL-1
0
0
1
S3
1
821 
SURF-SEGMENT-92
0
0
0
1
AIRFOIL-1
0
0
1
S3
1
482 
SURF-SEGMENT-93
0
0
0
1
AIRFOIL-1
0
0
1
S3
1
818 
SURF-SEGMENT-94
0
0
0
1
AIRFOIL-1
0
0
1
S2
1
483 
SURF-SEGMENT-95
0
0
0
1
AIRFOIL-1
0
0
1
S3
1
483 
SURF-SEGMENT-96
0
0
0
1
AIRFOIL-1
0
0
1
S3
1
483 
SURF-SEGMENT-97
0
0
0
1
AIRFOIL-1
0
0
1
S4
1
484 
SURF-SEGMENT-98
0
0
0
1
AIRFOIL-1
0
0
1
S2
1
811 
SURF-SEGMENT-99
0
0
0
1
AIRFOIL-1
0
0
1
S2
1
485 
