Analysis initiated from SIMULIA established products
Abaqus JOB TopOptJob_20251120_194950
Abaqus 2024.HF2
Abaqus License Manager checked out the following licenses:
Abaqus/Standard checked out 5 tokens from Flexnet server lic-abaqus-teaching.ethz.ch.
<2890 out of 3200 licenses remain available>.
Begin Analysis Input File Processor
11/20/2025 7:49:54 PM
Run pre.exe
11/20/2025 7:49:57 PM
End Analysis Input File Processor
Begin Abaqus/Standard Analysis
11/20/2025 7:49:57 PM
Run standard.exe
11/20/2025 7:49:59 PM
End Abaqus/Standard Analysis
Begin SIM Wrap-up
11/20/2025 7:50:01 PM
Run SMASimUtility.exe
11/20/2025 7:50:01 PM
End SIM Wrap-up
Abaqus JOB TopOptJob_20251120_194950 COMPLETED
