Analysis initiated from SIMULIA established products
Abaqus JOB Stiffness_optimization-Job
Abaqus 2024.HF2
Abaqus License Manager checked out the following licenses:
Abaqus/Standard checked out 5 tokens from Flexnet server lic-abaqus-teaching.ethz.ch.
<3163 out of 3200 licenses remain available>.
Begin Analysis Input File Processor
10/30/2025 5:13:56 PM
Run pre.exe
10/30/2025 5:13:58 PM
End Analysis Input File Processor
Begin Abaqus/Standard Analysis
10/30/2025 5:13:58 PM
Run standard.exe
10/30/2025 5:14:05 PM
Abaqus Error: Abaqus/Standard Analysis exited with an error - Please see the 
message file for possible error messages if the file exists.
Begin SIM Wrap-up
10/30/2025 5:14:06 PM
Run SMASimUtility.exe
10/30/2025 5:14:06 PM
End SIM Wrap-up
Abaqus/Analysis exited with errors
