1
0
1
ASSEMBLY
1
AIRFOIL-1
AIRFOIL
1
AIRFOIL-1
14
-2147483646
0
48 1 16 5 0 1 0 -1 -1 1894 1 -1879048189 1 1894 
14
48 1 16 5 0 1 0 -1 -1 1894 1 -1879048189 1 1894 
0
1
AIRFOIL-1
14
-2147483646
0
48 1 16 5 0 1 0 -1 -1 1704 1 -1879048189 1 1704 
14
48 1 16 5 0 1 0 -1 -1 1704 1 -1879048189 1 1704 
0
2
TOPOPTSET
0
1
0
1
AIRFOIL-1
14
-2147483647
48 1 16 5 0 1 0 -1 -1 1704 1 -1879048189 1 1704 
0
_PICKEDSET199
0
2
0
1
AIRFOIL-1
14
-2147483647
48 1 16 5 0 1 0 -1 -1 1704 1 -1879048189 1 1704 
0
1
AIRFOIL-1
1
_G2
0
2
14
-2147483647
48 1 16 5 0 1 0 -1 -1 1704 1 -1879048189 1 1704 
0
0
0
194
TOPOPTSET
0
1
0
1
AIRFOIL-1
14
-2147483647
48 1 16 5 0 1 0 -1 -1 1894 1 -1879048189 1 1894 
0
_PICKEDSET10
0
2
0
1
AIRFOIL-1
1
575 
0
_PICKEDSET100
0
2
0
1
AIRFOIL-1
1
129 
0
_PICKEDSET101
0
2
0
1
AIRFOIL-1
1
130 
0
_PICKEDSET102
0
2
0
1
AIRFOIL-1
1
132 
0
_PICKEDSET103
0
2
0
1
AIRFOIL-1
1
132 
0
_PICKEDSET104
0
2
0
1
AIRFOIL-1
1
133 
0
_PICKEDSET105
0
2
0
1
AIRFOIL-1
1
134 
0
_PICKEDSET106
0
2
0
1
AIRFOIL-1
1
135 
0
_PICKEDSET107
0
2
0
1
AIRFOIL-1
1
646 
0
_PICKEDSET108
0
2
0
1
AIRFOIL-1
1
137 
0
_PICKEDSET109
0
2
0
1
AIRFOIL-1
1
647 
0
_PICKEDSET11
0
2
0
1
AIRFOIL-1
1
5 
0
_PICKEDSET110
0
2
0
1
AIRFOIL-1
1
139 
0
_PICKEDSET111
0
2
0
1
AIRFOIL-1
1
649 
0
_PICKEDSET112
0
2
0
1
AIRFOIL-1
1
142 
0
_PICKEDSET113
0
2
0
1
AIRFOIL-1
1
143 
0
_PICKEDSET114
0
2
0
1
AIRFOIL-1
1
651 
0
_PICKEDSET115
0
2
0
1
AIRFOIL-1
1
146 
0
_PICKEDSET116
0
2
0
1
AIRFOIL-1
1
147 
0
_PICKEDSET117
0
2
0
1
AIRFOIL-1
1
653 
0
_PICKEDSET118
0
2
0
1
AIRFOIL-1
1
150 
0
_PICKEDSET119
0
2
0
1
AIRFOIL-1
1
655 
0
_PICKEDSET12
0
2
0
1
AIRFOIL-1
1
577 
0
_PICKEDSET120
0
2
0
1
AIRFOIL-1
1
153 
0
_PICKEDSET121
0
2
0
1
AIRFOIL-1
1
154 
0
_PICKEDSET122
0
2
0
1
AIRFOIL-1
1
657 
0
_PICKEDSET123
0
2
0
1
AIRFOIL-1
1
658 
0
_PICKEDSET124
0
2
0
1
AIRFOIL-1
1
659 
0
_PICKEDSET125
0
2
0
1
AIRFOIL-1
1
160 
0
_PICKEDSET126
0
2
0
1
AIRFOIL-1
1
161 
0
_PICKEDSET127
0
2
0
1
AIRFOIL-1
1
661 
0
_PICKEDSET128
0
2
0
1
AIRFOIL-1
1
662 
0
_PICKEDSET129
0
2
0
1
AIRFOIL-1
1
166 
0
_PICKEDSET13
0
2
0
1
AIRFOIL-1
1
8 
0
_PICKEDSET130
0
2
0
1
AIRFOIL-1
1
167 
0
_PICKEDSET131
0
2
0
1
AIRFOIL-1
1
168 
0
_PICKEDSET132
0
2
0
1
AIRFOIL-1
1
665 
0
_PICKEDSET133
0
2
0
1
AIRFOIL-1
1
666 
0
_PICKEDSET134
0
2
0
1
AIRFOIL-1
1
173 
0
_PICKEDSET135
0
2
0
1
AIRFOIL-1
1
174 
0
_PICKEDSET136
0
2
0
1
AIRFOIL-1
1
668 
0
_PICKEDSET137
0
2
0
1
AIRFOIL-1
1
177 
0
_PICKEDSET138
0
2
0
1
AIRFOIL-1
1
670 
0
_PICKEDSET139
0
2
0
1
AIRFOIL-1
1
180 
0
_PICKEDSET14
0
2
0
1
AIRFOIL-1
1
9 
0
_PICKEDSET140
0
2
0
1
AIRFOIL-1
1
181 
0
_PICKEDSET141
0
2
0
1
AIRFOIL-1
1
183 
0
_PICKEDSET142
0
2
0
1
AIRFOIL-1
1
184 
0
_PICKEDSET143
0
2
0
1
AIRFOIL-1
1
674 
0
_PICKEDSET144
0
2
0
1
AIRFOIL-1
1
187 
0
_PICKEDSET145
0
2
0
1
AIRFOIL-1
1
188 
0
_PICKEDSET146
0
2
0
1
AIRFOIL-1
1
190 
0
_PICKEDSET147
0
2
0
1
AIRFOIL-1
1
677 
0
_PICKEDSET148
0
2
0
1
AIRFOIL-1
1
678 
0
_PICKEDSET149
0
2
0
1
AIRFOIL-1
1
194 
0
_PICKEDSET15
0
2
0
1
AIRFOIL-1
1
11 
0
_PICKEDSET150
0
2
0
1
AIRFOIL-1
1
196 
0
_PICKEDSET151
0
2
0
1
AIRFOIL-1
1
197 
0
_PICKEDSET152
0
2
0
1
AIRFOIL-1
1
681 
0
_PICKEDSET153
0
2
0
1
AIRFOIL-1
1
682 
0
_PICKEDSET154
0
2
0
1
AIRFOIL-1
1
683 
0
_PICKEDSET155
0
2
0
1
AIRFOIL-1
1
203 
0
_PICKEDSET156
0
2
0
1
AIRFOIL-1
1
204 
0
_PICKEDSET157
0
2
0
1
AIRFOIL-1
1
685 
0
_PICKEDSET158
0
2
0
1
AIRFOIL-1
1
686 
0
_PICKEDSET159
0
2
0
1
AIRFOIL-1
1
687 
0
_PICKEDSET16
0
2
0
1
AIRFOIL-1
1
12 
0
_PICKEDSET160
0
2
0
1
AIRFOIL-1
1
210 
0
_PICKEDSET161
0
2
0
1
AIRFOIL-1
1
211 
0
_PICKEDSET162
0
2
0
1
AIRFOIL-1
1
689 
0
_PICKEDSET163
0
2
0
1
AIRFOIL-1
1
690 
0
_PICKEDSET164
0
2
0
1
AIRFOIL-1
1
691 
0
_PICKEDSET165
0
2
0
1
AIRFOIL-1
1
217 
0
_PICKEDSET166
0
2
0
1
AIRFOIL-1
1
218 
0
_PICKEDSET167
0
2
0
1
AIRFOIL-1
1
220 
0
_PICKEDSET168
0
2
0
1
AIRFOIL-1
1
694 
0
_PICKEDSET169
0
2
0
1
AIRFOIL-1
1
223 
0
_PICKEDSET17
0
2
0
1
AIRFOIL-1
1
581 
0
_PICKEDSET170
0
2
0
1
AIRFOIL-1
1
224 
0
_PICKEDSET171
0
2
0
1
AIRFOIL-1
1
225 
0
_PICKEDSET172
0
2
0
1
AIRFOIL-1
1
227 
0
_PICKEDSET173
0
2
0
1
AIRFOIL-1
1
698 
0
_PICKEDSET174
0
2
0
1
AIRFOIL-1
1
230 
0
_PICKEDSET175
0
2
0
1
AIRFOIL-1
1
231 
0
_PICKEDSET176
0
2
0
1
AIRFOIL-1
1
233 
0
_PICKEDSET177
0
2
0
1
AIRFOIL-1
1
234 
0
_PICKEDSET178
0
2
0
1
AIRFOIL-1
1
702 
0
_PICKEDSET179
0
2
0
1
AIRFOIL-1
1
237 
0
_PICKEDSET18
0
2
0
1
AIRFOIL-1
1
15 
0
_PICKEDSET180
0
2
0
1
AIRFOIL-1
1
704 
0
_PICKEDSET181
0
2
0
1
AIRFOIL-1
1
240 
0
_PICKEDSET182
0
2
0
1
AIRFOIL-1
1
241 
0
_PICKEDSET183
0
2
0
1
AIRFOIL-1
1
706 
0
_PICKEDSET184
0
2
0
1
AIRFOIL-1
1
244 
0
_PICKEDSET185
0
2
0
1
AIRFOIL-1
1
246 
0
_PICKEDSET186
0
2
0
1
AIRFOIL-1
1
247 
0
_PICKEDSET187
0
2
0
1
AIRFOIL-1
1
248 
0
_PICKEDSET188
0
2
0
1
AIRFOIL-1
1
710 
0
_PICKEDSET189
0
2
0
1
AIRFOIL-1
1
251 
0
_PICKEDSET19
0
2
0
1
AIRFOIL-1
1
16 
0
_PICKEDSET190
0
2
0
1
AIRFOIL-1
1
252 
0
_PICKEDSET191
0
2
0
1
AIRFOIL-1
1
254 
0
_PICKEDSET192
0
2
0
1
AIRFOIL-1
1
255 
0
_PICKEDSET193
0
2
0
1
AIRFOIL-1
1
714 
0
_PICKEDSET194
0
2
0
1
AIRFOIL-1
1
258 
0
_PICKEDSET195
0
2
0
1
AIRFOIL-1
1
716 
0
_PICKEDSET196
0
2
0
1
AIRFOIL-1
1
263 
0
_PICKEDSET197
0
2
0
1
AIRFOIL-1
1
263 
0
_PICKEDSET198
0
2
0
1
AIRFOIL-1
1
264 
0
_PICKEDSET199
0
2
0
1
AIRFOIL-1
14
-2147483647
48 1 16 5 0 1 0 -1 -1 1894 1 -1879048189 1 1894 
0
_PICKEDSET20
0
2
0
1
AIRFOIL-1
1
18 
0
_PICKEDSET21
0
2
0
1
AIRFOIL-1
1
19 
0
_PICKEDSET22
0
2
0
1
AIRFOIL-1
1
585 
0
_PICKEDSET23
0
2
0
1
AIRFOIL-1
1
22 
0
_PICKEDSET24
0
2
0
1
AIRFOIL-1
1
23 
0
_PICKEDSET25
0
2
0
1
AIRFOIL-1
1
25 
0
_PICKEDSET26
0
2
0
1
AIRFOIL-1
1
588 
0
_PICKEDSET27
0
2
0
1
AIRFOIL-1
1
589 
0
_PICKEDSET28
0
2
0
1
AIRFOIL-1
1
29 
0
_PICKEDSET29
0
2
0
1
AIRFOIL-1
1
31 
0
_PICKEDSET30
0
2
0
1
AIRFOIL-1
1
32 
0
_PICKEDSET31
0
2
0
1
AIRFOIL-1
1
592 
0
_PICKEDSET32
0
2
0
1
AIRFOIL-1
1
35 
0
_PICKEDSET33
0
2
0
1
AIRFOIL-1
1
594 
0
_PICKEDSET34
0
2
0
1
AIRFOIL-1
1
38 
0
_PICKEDSET35
0
2
0
1
AIRFOIL-1
1
39 
0
_PICKEDSET36
0
2
0
1
AIRFOIL-1
1
596 
0
_PICKEDSET37
0
2
0
1
AIRFOIL-1
1
597 
0
_PICKEDSET38
0
2
0
1
AIRFOIL-1
1
598 
0
_PICKEDSET39
0
2
0
1
AIRFOIL-1
1
45 
0
_PICKEDSET40
0
2
0
1
AIRFOIL-1
1
46 
0
_PICKEDSET41
0
2
0
1
AIRFOIL-1
1
48 
0
_PICKEDSET42
0
2
0
1
AIRFOIL-1
1
601 
0
_PICKEDSET43
0
2
0
1
AIRFOIL-1
1
51 
0
_PICKEDSET44
0
2
0
1
AIRFOIL-1
1
52 
0
_PICKEDSET45
0
2
0
1
AIRFOIL-1
1
54 
0
_PICKEDSET46
0
2
0
1
AIRFOIL-1
1
55 
0
_PICKEDSET47
0
2
0
1
AIRFOIL-1
1
605 
0
_PICKEDSET48
0
2
0
1
AIRFOIL-1
1
58 
0
_PICKEDSET49
0
2
0
1
AIRFOIL-1
1
60 
0
_PICKEDSET50
0
2
0
1
AIRFOIL-1
1
61 
0
_PICKEDSET51
0
2
0
1
AIRFOIL-1
1
608 
0
_PICKEDSET52
0
2
0
1
AIRFOIL-1
1
609 
0
_PICKEDSET53
0
2
0
1
AIRFOIL-1
1
65 
0
_PICKEDSET54
0
2
0
1
AIRFOIL-1
1
67 
0
_PICKEDSET55
0
2
0
1
AIRFOIL-1
1
68 
0
_PICKEDSET56
0
2
0
1
AIRFOIL-1
1
612 
0
_PICKEDSET57
0
2
0
1
AIRFOIL-1
1
71 
0
_PICKEDSET58
0
2
0
1
AIRFOIL-1
1
614 
0
_PICKEDSET59
0
2
0
1
AIRFOIL-1
1
74 
0
_PICKEDSET60
0
2
0
1
AIRFOIL-1
1
75 
0
_PICKEDSET61
0
2
0
1
AIRFOIL-1
1
616 
0
_PICKEDSET62
0
2
0
1
AIRFOIL-1
1
617 
0
_PICKEDSET63
0
2
0
1
AIRFOIL-1
1
80 
0
_PICKEDSET64
0
2
0
1
AIRFOIL-1
1
81 
0
_PICKEDSET65
0
2
0
1
AIRFOIL-1
1
82 
0
_PICKEDSET66
0
2
0
1
AIRFOIL-1
1
620 
0
_PICKEDSET67
0
2
0
1
AIRFOIL-1
1
621 
0
_PICKEDSET68
0
2
0
1
AIRFOIL-1
1
87 
0
_PICKEDSET69
0
2
0
1
AIRFOIL-1
1
88 
0
_PICKEDSET7
0
2
0
1
AIRFOIL-1
1
264 
0
_PICKEDSET70
0
2
0
1
AIRFOIL-1
1
623 
0
_PICKEDSET71
0
2
0
1
AIRFOIL-1
1
624 
0
_PICKEDSET72
0
2
0
1
AIRFOIL-1
1
625 
0
_PICKEDSET73
0
2
0
1
AIRFOIL-1
1
94 
0
_PICKEDSET74
0
2
0
1
AIRFOIL-1
1
95 
0
_PICKEDSET75
0
2
0
1
AIRFOIL-1
1
627 
0
_PICKEDSET76
0
2
0
1
AIRFOIL-1
1
98 
0
_PICKEDSET77
0
2
0
1
AIRFOIL-1
1
629 
0
_PICKEDSET78
0
2
0
1
AIRFOIL-1
1
101 
0
_PICKEDSET79
0
2
0
1
AIRFOIL-1
1
102 
0
_PICKEDSET8
0
2
0
1
AIRFOIL-1
1
264 
0
_PICKEDSET80
0
2
0
1
AIRFOIL-1
1
631 
0
_PICKEDSET81
0
2
0
1
AIRFOIL-1
1
632 
0
_PICKEDSET82
0
2
0
1
AIRFOIL-1
1
107 
0
_PICKEDSET83
0
2
0
1
AIRFOIL-1
1
108 
0
_PICKEDSET84
0
2
0
1
AIRFOIL-1
1
109 
0
_PICKEDSET85
0
2
0
1
AIRFOIL-1
1
635 
0
_PICKEDSET86
0
2
0
1
AIRFOIL-1
1
112 
0
_PICKEDSET87
0
2
0
1
AIRFOIL-1
1
114 
0
_PICKEDSET88
0
2
0
1
AIRFOIL-1
1
115 
0
_PICKEDSET89
0
2
0
1
AIRFOIL-1
1
638 
0
_PICKEDSET9
0
2
0
1
AIRFOIL-1
1
264 
0
_PICKEDSET90
0
2
0
1
AIRFOIL-1
1
118 
0
_PICKEDSET91
0
2
0
1
AIRFOIL-1
1
119 
0
_PICKEDSET92
0
2
0
1
AIRFOIL-1
1
120 
0
_PICKEDSET93
0
2
0
1
AIRFOIL-1
1
641 
0
_PICKEDSET94
0
2
0
1
AIRFOIL-1
1
123 
0
_PICKEDSET95
0
2
0
1
AIRFOIL-1
1
124 
0
_PICKEDSET96
0
2
0
1
AIRFOIL-1
1
643 
0
_PICKEDSET97
0
2
0
1
AIRFOIL-1
1
127 
0
_PICKEDSET98
0
2
0
1
AIRFOIL-1
1
128 
0
_PICKEDSET99
0
2
0
1
AIRFOIL-1
1
645 
0
1
AIRFOIL-1
1
_G2
0
2
14
-2147483647
48 1 16 5 0 1 0 -1 -1 1894 1 -1879048189 1 1894 
0
0
0
0
0
